Creating an optimized production build...
node.exe : Browserslist: browsers data (caniuse-lite) is 11 months old. Please run:
At C:\Program Files\nodejs\npx.ps1:29 char:3
+   & $NODE_EXE $NPX_CLI_JS $args
+   ~~~~~~~~~~~~~~~~~~~~~~~~~~~~~
    + CategoryInfo          : NotSpecified: (Browserslist: b...ld. Please run::String) [], RemoteException
    + FullyQualifiedErrorId : NativeCommandError
 
  npx update-browserslist-db@latest
  Why you should do it regularly: https://github.com/browserslist/update-db#readme
Browserslist: browsers data (caniuse-lite) is 11 months old. Please run:
  npx update-browserslist-db@latest
  Why you should do it regularly: https://github.com/browserslist/update-db#readme
Browserslist: browsers data (caniuse-lite) is 11 months old. Please run:
  npx update-browserslist-db@latest
  Why you should do it regularly: https://github.com/browserslist/update-db#readme
Browserslist: browsers data (caniuse-lite) is 11 months old. Please run:
  npx update-browserslist-db@latest
  Why you should do it regularly: https://github.com/browserslist/update-db#readme
Browserslist: browsers data (caniuse-lite) is 11 months old. Please run:
  npx update-browserslist-db@latest
  Why you should do it regularly: https://github.com/browserslist/update-db#readme
Browserslist: browsers data (caniuse-lite) is 11 months old. Please run:
  npx update-browserslist-db@latest
  Why you should do it regularly: https://github.com/browserslist/update-db#readme
Browserslist: browsers data (caniuse-lite) is 11 months old. Please run:
  npx update-browserslist-db@latest
  Why you should do it regularly: https://github.com/browserslist/update-db#readme
Browserslist: browsers data (caniuse-lite) is 11 months old. Please run:
  npx update-browserslist-db@latest
  Why you should do it regularly: https://github.com/browserslist/update-db#readme
Compiled with warnings.

[eslint] 
src\App.js
  Line 98:7:  'widgetMountDelay' is assigned a value but never used  no-unused-vars

src\components\Admin\AdminBillingTab.js
  Line 6:7:  'TIER_COLORS' is assigned a value but never used  no-unused-vars

src\components\Admin\AdminDashboard.js
  Line 414:9:  'deleteUser' is assigned a value but never used  no-unused-vars

src\components\Admin\AdminDisputeDetail.js
  Line 307:11:  'user' is assigned a value but never used  no-unused-vars

src\components\Admin\AdminUsersTab.js
  Line 2:10:  'apiRequest' is defined but never used  no-unused-vars

src\components\Admin\ErrorDashboard.js
  Line 5:7:  'severityColors' is assigned a value but never used  no-unused-vars

src\components\Admin\FeatureFlagsPanel.js
  Line 39:10:  'TierBadge' is defined but never used  no-unused-vars

src\components\Billing\BillingSettings.js
  Line 7:7:   'TIER_LABELS' is assigned a value but never used  no-unused-vars
  Line 8:7:   'TIER_COLORS' is assigned a value but never used  no-unused-vars
  Line 11:9:  'navigate' is assigned a value but never used     no-unused-vars

src\components\Bookings\BookingCalendar.js
  Line 96:9:  'firstDayOfWeek' is assigned a value but never used  no-unused-vars

src\components\Bookings\BookingDetail.js
  Line 173:9:  'navigate' is assigned a value but never used  no-unused-vars

src\components\Bookings\BookingPayModal.js
  Line 80:6:  React Hook useEffect has a missing dependency: 'onSuccess'. Either include it or remove the dependency array. If 'onSuccess' changes too often, find the parent component that defines it and wrap that definition in useCallback  react-hooks/exhaustive-deps

src\components\Bookings\MyBookings.js
  Line 47:11:  'user' is assigned a value but never used  no-unused-vars

src\components\Calls\VideoCallModal.js
  Line 281:6:  React Hook useCallback has a missing dependency: 'handleEndCall'. Either include it or remove the dependency array  react-hooks/exhaustive-deps

src\components\Disputes\DisputeCenter.js
  Line 6:8:    'DisputeTimeline' is defined but never used                                                                    no-unused-vars
  Line 110:9:  'navigate' is assigned a value but never used                                                                  no-unused-vars
  Line 141:6:  React Hook useEffect has a missing dependency: 'selectedId'. Either include it or remove the dependency array  react-hooks/exhaustive-deps

src\components\Home\Home.js
  Line 371:23:  Headings must have content and the content must be accessible by a screen reader  jsx-a11y/heading-has-content

src\components\Jobs\BrowseJobs.js
  Line 6:30:  'getLocationTypeBadge' is defined but never used  no-unused-vars

src\components\Jobs\JobProgress.js
  Line 288:15:  'amount' is assigned a value but never used  no-unused-vars

src\components\Jobs\JobProposals.js
  Line 1:51:    'useRef' is defined but never used           no-unused-vars
  Line 211:10:  'acting' is assigned a value but never used  no-unused-vars

src\components\Messages\Messages.js
  Line 268:6:  React Hook useCallback has a missing dependency: 'msgHook'. Either include it or remove the dependency array  react-hooks/exhaustive-deps

src\components\Messages\hooks\usePayments.js
  Line 3:10:  'getEntityId' is defined but never used  no-unused-vars

src\components\Messages\hooks\useScheduling.js
  Line 156:6:  React Hook useCallback has missing dependencies: 'scheduleLocation' and 'scheduleLocationType'. Either include them or remove the dependency array  react-hooks/exhaustive-deps

src\components\Messages\parts\components.js
  Line 4:8:  'OnlineStatus' is defined but never used  no-unused-vars

src\components\Payments\Payments.js
  Line 9:11:  'user' is assigned a value but never used                                                                                                         no-unused-vars
  Line 22:6:  React Hook useEffect has missing dependencies: 'fetchPaymentHistory' and 'fetchStripeStatus'. Either include them or remove the dependency array  react-hooks/exhaustive-deps

src\components\Portfolio\PortfolioWizard.js
  Line 11:11:  'user' is assigned a value but never used  no-unused-vars

src\components\Profile\EarningsDashboard.js
  Line 11:11:  'user' is assigned a value but never used  no-unused-vars

src\components\Profile\PublicProfile.js
  Line 1:38:   'useCallback' is defined but never used      no-unused-vars
  Line 10:23:  'ReputationStats' is defined but never used  no-unused-vars

src\components\Profile\parts\components.js
  Line 1:27:  'useEffect' is defined but never used   no-unused-vars
  Line 3:10:  'apiRequest' is defined but never used  no-unused-vars

src\components\Projects\ProjectCard.js
  Line 62:9:  'escrow' is assigned a value but never used     no-unused-vars
  Line 63:9:  'totalPaid' is assigned a value but never used  no-unused-vars

src\components\Projects\ProjectManagement.js
  Line 2:10:   'useNavigate' is defined but never used          no-unused-vars
  Line 240:9:  'hasContent' is assigned a value but never used  no-unused-vars

src\components\Services\CreateService\StepPricing.js
  Line 10:9:  'canRecurring' is assigned a value but never used  no-unused-vars

src\components\Services\ServiceOrderProgress.js
  Line 34:9:  'navigate' is assigned a value but never used  no-unused-vars

src\components\Teams\PresentationBuilder.js
  Line 39:11:  'user' is assigned a value but never used  no-unused-vars

src\components\Teams\SubtaskPanel.js
  Line 7:7:  'PRIORITY_COLORS' is assigned a value but never used  no-unused-vars

src\components\Teams\TeamDetail.js
  Line 34:10:   'controls' is assigned a value but never used  no-unused-vars
  Line 292:45:  Unnecessary escape character: \"               no-useless-escape
  Line 292:59:  Unnecessary escape character: \"               no-useless-escape

src\components\Teams\TeamJobs.js
  Line 1:51:  'useRef' is defined but never used  no-unused-vars

src\components\Teams\TeamMilestones.js
  Line 37:11:  'user' is assigned a value but never used  no-unused-vars

src\components\Teams\TeamNav.js
  Line 77:17:  The attribute aria-selected is not supported by the role menuitem  jsx-a11y/role-supports-aria-props

src\components\Teams\TeamSettings.js
  Line 1:38:  'useCallback' is defined but never used             no-unused-vars
  Line 8:9:   'currentUserId' is assigned a value but never used  no-unused-vars

src\components\Teams\TeamsShell.js
  Line 25:11:  'user' is assigned a value but never used  no-unused-vars

src\components\common\MessagePreview.js
  Line 1:27:  'useEffect' is defined but never used  no-unused-vars

src\components\common\Toast.js
  Line 1:27:  'useEffect' is defined but never used  no-unused-vars

src\socket\useSocket.js
  Line 124:6:  React Hook useEffect has a missing dependency: 'socketRef'. Either include it or remove the dependency array  react-hooks/exhaustive-deps

Search for the keywords to learn more about each warning.
To ignore, add // eslint-disable-next-line to the line before.

File sizes after gzip:

  153.15 kB  build\static\js\main.a93512c9.js
  63.01 kB   build\static\js\6058.548f1d2f.chunk.js
  42.85 kB   build\static\js\228.a0c489f0.chunk.js
  37.5 kB    build\static\js\4260.4a427655.chunk.js
  33.66 kB   build\static\js\4557.3e61fb54.chunk.js
  20.16 kB   build\static\js\1439.7aaa4a9b.chunk.js
  17.57 kB   build\static\js\308.f2232de3.chunk.js
  16.92 kB   build\static\js\4079.d380dcf8.chunk.js
  16.69 kB   build\static\css\4557.7b94a9e0.chunk.css
  14.23 kB   build\static\js\8396.7b0a4f51.chunk.js
  13.87 kB   build\static\js\6213.9e7573be.chunk.js
  13.31 kB   build\static\js\5291.8ddae50a.chunk.js
  13.27 kB   build\static\js\3659.55b98aec.chunk.js
  13.18 kB   build\static\js\2104.8f024848.chunk.js
  12.72 kB   build\static\js\8013.08621335.chunk.js
  12 kB      build\static\css\4260.b5ead49d.chunk.css
  10.87 kB   build\static\js\1505.ce5b97f3.chunk.js
  9.39 kB    build\static\css\main.9a242e38.css
  8.02 kB    build\static\js\9989.a840cc9b.chunk.js
  7.98 kB    build\static\css\308.437f5163.chunk.css
  7.81 kB    build\static\js\5077.0a2ae361.chunk.js
  7.37 kB    build\static\js\1440.82ba7e2a.chunk.js
  7.36 kB    build\static\js\1112.78f13596.chunk.js
  7.12 kB    build\static\css\4079.ceaefa4c.chunk.css
  6.94 kB    build\static\js\7124.533fdac0.chunk.js
  6.44 kB    build\static\js\3700.eb497366.chunk.js
  6.41 kB    build\static\css\8013.14411cd8.chunk.css
  6.38 kB    build\static\css\6433.82020103.chunk.css
  6.34 kB    build\static\css\3659.ff14c781.chunk.css
  6.3 kB     build\static\js\8174.20f43d44.chunk.js
  6.08 kB    build\static\js\9951.2fd52696.chunk.js
  6.03 kB    build\static\css\1439.ea8a78cc.chunk.css
  5.57 kB    build\static\css\8396.050d24f6.chunk.css
  5.54 kB    build\static\css\5291.9f728b76.chunk.css
  5.49 kB    build\static\js\688.32df7dbd.chunk.js
  4.63 kB    build\static\js\4602.800d0bdb.chunk.js
  4.58 kB    build\static\js\3351.496a1a56.chunk.js
  4.56 kB    build\static\js\1085.b55bb90a.chunk.js
  4.55 kB    build\static\js\2079.eb4a8e66.chunk.js
  4.47 kB    build\static\js\4583.efa3301e.chunk.js
  4.29 kB    build\static\js\7129.c09403d3.chunk.js
  4.25 kB    build\static\css\1505.7a0cc119.chunk.css
  4.22 kB    build\static\js\1754.b85a1f79.chunk.js
  4.13 kB    build\static\js\3165.3aedfc15.chunk.js
  4.08 kB    build\static\js\1027.338a636c.chunk.js
  4 kB       build\static\js\1935.b82af96d.chunk.js
  3.46 kB    build\static\js\6052.28efab96.chunk.js
  3.42 kB    build\static\js\8932.63833a47.chunk.js
  3.41 kB    build\static\js\8118.246447da.chunk.js
  3.2 kB     build\static\js\913.9c126fdf.chunk.js
  3.19 kB    build\static\js\3947.a4a8b2e4.chunk.js
  3.19 kB    build\static\js\2617.75dd6054.chunk.js
  3.18 kB    build\static\css\1112.9765f0e1.chunk.css
  3.18 kB    build\static\js\5870.0f2db243.chunk.js
  3.15 kB    build\static\css\9989.cbf43d0d.chunk.css
  3.04 kB    build\static\js\3387.fa797110.chunk.js
  3 kB       build\static\css\5077.21467fd6.chunk.css
  2.9 kB     build\static\js\9606.d61cb5ec.chunk.js
  2.87 kB    build\static\js\2603.3e82232a.chunk.js
  2.79 kB    build\static\css\1042.673a194a.chunk.css
  2.79 kB    build\static\css\4583.673a194a.chunk.css
  2.79 kB    build\static\css\8118.673a194a.chunk.css
  2.79 kB    build\static\css\4602.636e7671.chunk.css
  2.75 kB    build\static\css\1754.4080ce3d.chunk.css
  2.72 kB    build\static\js\5412.1426a062.chunk.js
  2.7 kB     build\static\css\7129.68ca25ec.chunk.css
  2.68 kB    build\static\css\9606.4b4935a3.chunk.css
  2.62 kB    build\static\js\9466.27a1c8fa.chunk.js
  2.59 kB    build\static\css\1440.cd09e521.chunk.css
  2.54 kB    build\static\css\3700.dac39b64.chunk.css
  2.49 kB    build\static\js\2017.d2e0ae2a.chunk.js
  2.4 kB     build\static\css\3351.3fa2f5ca.chunk.css
  2.38 kB    build\static\js\9194.3b6baaa0.chunk.js
  2.34 kB    build\static\js\4915.4d036dec.chunk.js
  2.29 kB    build\static\js\1838.a9a26ac5.chunk.js
  2.29 kB    build\static\css\9194.c7b64683.chunk.css
  2.21 kB    build\static\css\913.41f496e9.chunk.css
  2.19 kB    build\static\js\5801.2e808cbc.chunk.js
  2.14 kB    build\static\js\1052.3c0971d6.chunk.js
  2.05 kB    build\static\css\1085.8190b6c1.chunk.css
  2.05 kB    build\static\css\8174.799360ae.chunk.css
  2.03 kB    build\static\js\5658.44a32711.chunk.js
  2.03 kB    build\static\css\1476.0ef8424e.chunk.css
  2.03 kB    build\static\css\2017.0ef8424e.chunk.css
  2.03 kB    build\static\css\3387.0ef8424e.chunk.css
  2.03 kB    build\static\css\6411.0ef8424e.chunk.css
  2.03 kB    build\static\css\7806.0ef8424e.chunk.css
  2.03 kB    build\static\css\8511.0ef8424e.chunk.css
  2.03 kB    build\static\css\471.0ef8424e.chunk.css
  1.91 kB    build\static\js\4247.dbab354f.chunk.js
  1.9 kB     build\static\css\9951.d417dc55.chunk.css
  1.9 kB     build\static\css\5658.c2418245.chunk.css
  1.88 kB    build\static\js\8495.387871a0.chunk.js
  1.82 kB    build\static\css\1935.0192988a.chunk.css
  1.8 kB     build\static\css\1027.ec27675f.chunk.css
  1.79 kB    build\static\js\7606.11a508b2.chunk.js
  1.78 kB    build\static\js\6188.783556fc.chunk.js
  1.78 kB    build\static\js\6414.2a991b59.chunk.js
  1.76 kB    build\static\js\9630.3bb1e565.chunk.js
  1.75 kB    build\static\js\3671.80f22bd2.chunk.js
  1.75 kB    build\static\js\1538.554f7332.chunk.js
  1.7 kB     build\static\js\342.fbdf4f48.chunk.js
  1.68 kB    build\static\css\3947.ab87b1e0.chunk.css
  1.66 kB    build\static\css\688.28174579.chunk.css
  1.64 kB    build\static\css\1838.b3d5d2ea.chunk.css
  1.56 kB    build\static\css\9630.c4856c34.chunk.css
  1.54 kB    build\static\css\2603.e8aee612.chunk.css
  1.51 kB    build\static\css\6052.0b57948c.chunk.css
  1.5 kB     build\static\js\1042.6b96ae26.chunk.js
  1.49 kB    build\static\js\6097.f6407b47.chunk.js
  1.46 kB    build\static\js\2378.6b2911b4.chunk.js
  1.45 kB    build\static\css\1138.7fc35e4e.chunk.css
  1.42 kB    build\static\css\2617.d5a76055.chunk.css
  1.42 kB    build\static\css\4247.06bba397.chunk.css
  1.39 kB    build\static\css\5412.fda16638.chunk.css
  1.35 kB    build\static\js\9522.01286bb1.chunk.js
  1.34 kB    build\static\css\3165.43d88d72.chunk.css
  1.33 kB    build\static\js\7806.68d1811c.chunk.js
  1.29 kB    build\static\css\4915.7b769177.chunk.css
  1.29 kB    build\static\css\9466.7a683bd3.chunk.css
  1.28 kB    build\static\js\471.32982ba8.chunk.js
  1.27 kB    build\static\js\1138.c7394ae9.chunk.js
  1.26 kB    build\static\js\1238.672799d2.chunk.js
  1.19 kB    build\static\css\342.bc2407ae.chunk.css
  1.19 kB    build\static\css\6188.e73dd181.chunk.css
  1.15 kB    build\static\js\4686.41d50f53.chunk.js
  1.14 kB    build\static\css\8495.b7118cf5.chunk.css
  1.13 kB    build\static\css\1538.a55bb7e6.chunk.css
  1.05 kB    build\static\css\2378.32c03a79.chunk.css
  1.01 kB    build\static\css\4686.8c891078.chunk.css
  999 B      build\static\css\7606.90693e4f.chunk.css
  968 B      build\static\js\6411.febc0811.chunk.js
  903 B      build\static\css\5870.228934d3.chunk.css
  893 B      build\static\css\5801.48808c07.chunk.css
  874 B      build\static\js\8511.d9f6f5bc.chunk.js
  828 B      build\static\css\9522.92b33b67.chunk.css
  783 B      build\static\js\1476.fa0ef3ce.chunk.js
  758 B      build\static\css\6097.266e2659.chunk.css
  744 B      build\static\css\1238.a825dd3d.chunk.css
  630 B      build\static\css\3671.30c6bc19.chunk.css
  582 B      build\static\js\1278.bd6dcba2.chunk.js
  572 B      build\static\css\2079.91cfa90e.chunk.css
  281 B      build\static\js\5984.6f19b03e.chunk.js
  173 B      build\static\js\6433.1999fa67.chunk.js

The project was built assuming it is hosted at /.
You can control this with the homepage field in your package.json.

The build folder is ready to be deployed.
You may serve it with a static server:

  npm install -g serve
  serve -s build

Find out more about deployment here:

  https://cra.link/deployment

